###############################################################################
#
# IAR ELF Linker V7.80.1.11864/W32 for ARM                30/Jan/2017  16:32:41
# Copyright 2007-2016 IAR Systems AB.
#
#    Output file  =  
#        C:\train\unzip\Exercises\Exercise2_sol\EWARM\STM32746G_DISCOVERY\Exe\Project.out
#    Map file     =  
#        C:\train\unzip\Exercises\Exercise2_sol\EWARM\STM32746G_DISCOVERY\List\Project.map
#    Command line =  
#        C:\train\unzip\Exercises\Exercise2_sol\EWARM\STM32746G_DISCOVERY\Obj\bsp.o
#        C:\train\unzip\Exercises\Exercise2_sol\EWARM\STM32746G_DISCOVERY\Obj\main.o
#        C:\train\unzip\Exercises\Exercise2_sol\EWARM\STM32746G_DISCOVERY\Obj\pot.o
#        C:\train\unzip\Exercises\Exercise2_sol\EWARM\STM32746G_DISCOVERY\Obj\setup.o
#        C:\train\unzip\Exercises\Exercise2_sol\EWARM\STM32746G_DISCOVERY\Obj\startup_stm32f746xx.o
#        C:\train\unzip\Exercises\Exercise2_sol\EWARM\STM32746G_DISCOVERY\Obj\stm32f7xx_it.o
#        C:\train\unzip\Exercises\Exercise2_sol\EWARM\STM32746G_DISCOVERY\Obj\system_stm32f7xx.o
#        --redirect _Printf=_PrintfSmall --redirect _Scanf=_ScanfSmall -o
#        C:\train\unzip\Exercises\Exercise2_sol\EWARM\STM32746G_DISCOVERY\Exe\Project.out
#        --map
#        C:\train\unzip\Exercises\Exercise2_sol\EWARM\STM32746G_DISCOVERY\List\Project.map
#        --config
#        C:\train\unzip\Exercises\Exercise2_sol\EWARM\stm32f746xx_flash.icf
#        --semihosting --entry __iar_program_start --vfe
#
###############################################################################

*******************************************************************************
*** RUNTIME MODEL ATTRIBUTES
***

CppFlavor       = *
__SystemLibrary = DLib


*******************************************************************************
*** PLACEMENT SUMMARY
***

"A0":  place at 0x08000000 { ro section .intvec };
"P1":  place in [from 0x08000000 to 0x080fffff] { ro };
"P2":  place in [from 0x20000000 to 0x2004ffff] { rw, block CSTACK, block HEAP };
initialize by copy { rw };

  Section            Kind        Address   Size  Object
  -------            ----        -------   ----  ------
"A0":                                     0x1c8
  .intvec            ro code  0x08000000  0x1c8  startup_stm32f746xx.o [1]
                            - 0x080001c8  0x1c8

"P1":                                     0xb3c
  .text              ro code  0x080001c8  0x3b6  setup.o [1]
  .text              ro code  0x08000580  0x26c  bsp.o [1]
  .text              ro code  0x080007ec  0x1ec  pot.o [1]
  .text              ro code  0x080009d8   0x6c  system_stm32f7xx.o [1]
  .text              ro code  0x08000a44   0x2c  copy_init3.o [5]
  .text              ro code  0x08000a70   0x28  data_init.o [5]
  .text              ro code  0x08000a98   0x26  main.o [1]
  .text              ro code  0x08000ac0   0x22  fpinit_M.o [4]
  .iar.init_table    const    0x08000ae4   0x14  - Linker created -
  .text              ro code  0x08000af8   0x1a  cmain.o [5]
  .text              ro code  0x08000b12    0x4  low_level_init.o [3]
  .text              ro code  0x08000b16    0x4  exit.o [3]
  .text              ro code  0x08000b1c    0xa  cexit.o [5]
  .text              ro code  0x08000b28   0x14  exit.o [6]
  .text              ro code  0x08000b3c   0x18  stm32f7xx_it.o [1]
  .text              ro code  0x08000b54   0x10  startup_stm32f746xx.o [1]
  .text              ro code  0x08000b64    0xc  cstartup_M.o [5]
  Initializer bytes  const    0x08000b70    0x8  <for P2-1>
  .rodata            const    0x08000b78    0x4  pot.o [1]
  .rodata            const    0x08000b7c    0x4  pot.o [1]
  .text              ro code  0x08000b80    0x4  startup_stm32f746xx.o [1]
  .text              ro code  0x08000b84    0x4  startup_stm32f746xx.o [1]
  .text              ro code  0x08000b88    0x4  startup_stm32f746xx.o [1]
  .text              ro code  0x08000b8c    0x4  startup_stm32f746xx.o [1]
  .text              ro code  0x08000b90    0x4  startup_stm32f746xx.o [1]
  .text              ro code  0x08000b94    0x4  startup_stm32f746xx.o [1]
  .text              ro code  0x08000b98    0x4  startup_stm32f746xx.o [1]
  .text              ro code  0x08000b9c    0x4  startup_stm32f746xx.o [1]
  .text              ro code  0x08000ba0    0x4  startup_stm32f746xx.o [1]
  .text              ro code  0x08000ba4    0x4  startup_stm32f746xx.o [1]
  .text              ro code  0x08000ba8    0x4  startup_stm32f746xx.o [1]
  .text              ro code  0x08000bac    0x4  startup_stm32f746xx.o [1]
  .text              ro code  0x08000bb0    0x4  startup_stm32f746xx.o [1]
  .text              ro code  0x08000bb4    0x4  startup_stm32f746xx.o [1]
  .text              ro code  0x08000bb8    0x4  startup_stm32f746xx.o [1]
  .text              ro code  0x08000bbc    0x4  startup_stm32f746xx.o [1]
  .text              ro code  0x08000bc0    0x4  startup_stm32f746xx.o [1]
  .text              ro code  0x08000bc4    0x4  startup_stm32f746xx.o [1]
  .text              ro code  0x08000bc8    0x4  startup_stm32f746xx.o [1]
  .text              ro code  0x08000bcc    0x4  startup_stm32f746xx.o [1]
  .text              ro code  0x08000bd0    0x4  startup_stm32f746xx.o [1]
  .text              ro code  0x08000bd4    0x4  startup_stm32f746xx.o [1]
  .text              ro code  0x08000bd8    0x4  startup_stm32f746xx.o [1]
  .text              ro code  0x08000bdc    0x4  startup_stm32f746xx.o [1]
  .text              ro code  0x08000be0    0x4  startup_stm32f746xx.o [1]
  .text              ro code  0x08000be4    0x4  startup_stm32f746xx.o [1]
  .text              ro code  0x08000be8    0x4  startup_stm32f746xx.o [1]
  .text              ro code  0x08000bec    0x4  startup_stm32f746xx.o [1]
  .text              ro code  0x08000bf0    0x4  startup_stm32f746xx.o [1]
  .text              ro code  0x08000bf4    0x4  startup_stm32f746xx.o [1]
  .text              ro code  0x08000bf8    0x4  startup_stm32f746xx.o [1]
  .text              ro code  0x08000bfc    0x4  startup_stm32f746xx.o [1]
  .text              ro code  0x08000c00    0x4  startup_stm32f746xx.o [1]
  .text              ro code  0x08000c04    0x4  startup_stm32f746xx.o [1]
  .text              ro code  0x08000c08    0x4  startup_stm32f746xx.o [1]
  .text              ro code  0x08000c0c    0x4  startup_stm32f746xx.o [1]
  .text              ro code  0x08000c10    0x4  startup_stm32f746xx.o [1]
  .text              ro code  0x08000c14    0x4  startup_stm32f746xx.o [1]
  .text              ro code  0x08000c18    0x4  startup_stm32f746xx.o [1]
  .text              ro code  0x08000c1c    0x4  startup_stm32f746xx.o [1]
  .text              ro code  0x08000c20    0x4  startup_stm32f746xx.o [1]
  .text              ro code  0x08000c24    0x4  startup_stm32f746xx.o [1]
  .text              ro code  0x08000c28    0x4  startup_stm32f746xx.o [1]
  .text              ro code  0x08000c2c    0x4  startup_stm32f746xx.o [1]
  .text              ro code  0x08000c30    0x4  startup_stm32f746xx.o [1]
  .text              ro code  0x08000c34    0x4  startup_stm32f746xx.o [1]
  .text              ro code  0x08000c38    0x4  startup_stm32f746xx.o [1]
  .text              ro code  0x08000c3c    0x4  startup_stm32f746xx.o [1]
  .text              ro code  0x08000c40    0x4  startup_stm32f746xx.o [1]
  .text              ro code  0x08000c44    0x4  startup_stm32f746xx.o [1]
  .text              ro code  0x08000c48    0x4  startup_stm32f746xx.o [1]
  .text              ro code  0x08000c4c    0x4  startup_stm32f746xx.o [1]
  .text              ro code  0x08000c50    0x4  startup_stm32f746xx.o [1]
  .text              ro code  0x08000c54    0x4  startup_stm32f746xx.o [1]
  .text              ro code  0x08000c58    0x4  startup_stm32f746xx.o [1]
  .text              ro code  0x08000c5c    0x4  startup_stm32f746xx.o [1]
  .text              ro code  0x08000c60    0x4  startup_stm32f746xx.o [1]
  .text              ro code  0x08000c64    0x4  startup_stm32f746xx.o [1]
  .text              ro code  0x08000c68    0x4  startup_stm32f746xx.o [1]
  .text              ro code  0x08000c6c    0x4  startup_stm32f746xx.o [1]
  .text              ro code  0x08000c70    0x4  startup_stm32f746xx.o [1]
  .text              ro code  0x08000c74    0x4  startup_stm32f746xx.o [1]
  .text              ro code  0x08000c78    0x4  startup_stm32f746xx.o [1]
  .text              ro code  0x08000c7c    0x4  startup_stm32f746xx.o [1]
  .text              ro code  0x08000c80    0x4  startup_stm32f746xx.o [1]
  .text              ro code  0x08000c84    0x4  startup_stm32f746xx.o [1]
  .text              ro code  0x08000c88    0x4  startup_stm32f746xx.o [1]
  .text              ro code  0x08000c8c    0x4  startup_stm32f746xx.o [1]
  .text              ro code  0x08000c90    0x4  startup_stm32f746xx.o [1]
  .text              ro code  0x08000c94    0x4  startup_stm32f746xx.o [1]
  .text              ro code  0x08000c98    0x4  startup_stm32f746xx.o [1]
  .text              ro code  0x08000c9c    0x4  startup_stm32f746xx.o [1]
  .text              ro code  0x08000ca0    0x4  startup_stm32f746xx.o [1]
  .text              ro code  0x08000ca4    0x4  startup_stm32f746xx.o [1]
  .text              ro code  0x08000ca8    0x4  startup_stm32f746xx.o [1]
  .text              ro code  0x08000cac    0x4  startup_stm32f746xx.o [1]
  .text              ro code  0x08000cb0    0x4  startup_stm32f746xx.o [1]
  .text              ro code  0x08000cb4    0x4  startup_stm32f746xx.o [1]
  .text              ro code  0x08000cb8    0x4  startup_stm32f746xx.o [1]
  .text              ro code  0x08000cbc    0x4  startup_stm32f746xx.o [1]
  .text              ro code  0x08000cc0    0x4  startup_stm32f746xx.o [1]
  .text              ro code  0x08000cc4    0x4  startup_stm32f746xx.o [1]
  .text              ro code  0x08000cc8    0x4  startup_stm32f746xx.o [1]
  .text              ro code  0x08000ccc    0x4  startup_stm32f746xx.o [1]
  .text              ro code  0x08000cd0    0x4  startup_stm32f746xx.o [1]
  .text              ro code  0x08000cd4    0x4  startup_stm32f746xx.o [1]
  .text              ro code  0x08000cd8    0x4  startup_stm32f746xx.o [1]
  .text              ro code  0x08000cdc    0x4  startup_stm32f746xx.o [1]
  .text              ro code  0x08000ce0    0x4  startup_stm32f746xx.o [1]
  .text              ro code  0x08000ce4    0x4  startup_stm32f746xx.o [1]
  .text              ro code  0x08000ce8    0x4  startup_stm32f746xx.o [1]
  .text              ro code  0x08000cec    0x4  startup_stm32f746xx.o [1]
  .text              ro code  0x08000cf0    0x4  startup_stm32f746xx.o [1]
  .text              ro code  0x08000cf4    0x4  startup_stm32f746xx.o [1]
  .text              ro code  0x08000cf8    0x4  startup_stm32f746xx.o [1]
  .text              ro code  0x08000cfc    0x4  startup_stm32f746xx.o [1]
  .text              ro code  0x08000d00    0x4  startup_stm32f746xx.o [1]
  .rodata            const    0x08000d04    0x0  copy_init3.o [5]
                            - 0x08000d04  0xb3c

"P2", part 1 of 2:                          0x8
  P2-1                        0x20000000    0x8  <Init block>
    .data            inited   0x20000000    0x4  system_stm32f7xx.o [1]
    .bss             inited   0x20000004    0x4  setup.o [1]
                            - 0x20000008    0x8

"P2", part 2 of 2:                        0x400
  CSTACK                      0x20000008  0x400  <Block>
    CSTACK           uninit   0x20000008  0x400  <Block tail>
                            - 0x20000408  0x400


*******************************************************************************
*** INIT TABLE
***

          Address     Size
          -------     ----
Copy (__iar_copy_init3)
    1 source range, total size 0x8:
          0x08000b70   0x8
    1 destination range, total size 0x8:
          0x20000000   0x8



*******************************************************************************
*** MODULE SUMMARY
***

    Module                 ro code  ro data  rw data
    ------                 -------  -------  -------
C:\train\unzip\Exercises\Exercise2_sol\EWARM\STM32746G_DISCOVERY\Obj: [1]
    bsp.o                      620
    main.o                      38
    pot.o                      492        8
    setup.o                    950        4        4
    startup_stm32f746xx.o      860
    stm32f7xx_it.o              24
    system_stm32f7xx.o         108        4        4
    ------------------------------------------------
    Total:                   3 092       16        8

command line: [2]
    ------------------------------------------------
    Total:

dl7M_tln.a: [3]
    exit.o                       4
    low_level_init.o             4
    ------------------------------------------------
    Total:                       8

m7M_tls.a: [4]
    fpinit_M.o                  34
    ------------------------------------------------
    Total:                      34

rt7M_tl.a: [5]
    cexit.o                     10
    cmain.o                     26
    copy_init3.o                44
    cstartup_M.o                12
    data_init.o                 40
    ------------------------------------------------
    Total:                     132

shb_l.a: [6]
    exit.o                      20
    ------------------------------------------------
    Total:                      20

    Gaps                         8        2
    Linker created                       20    1 024
----------------------------------------------------
    Grand Total:             3 294       38    1 032


*******************************************************************************
*** ENTRY LIST
***

Entry                      Address  Size  Type      Object
-----                      -------  ----  ----      ------
.iar.init_table$$Base   0x08000ae4         --   Gb  - Linker created -
.iar.init_table$$Limit  0x08000af8         --   Gb  - Linker created -
?main                   0x08000af9        Code  Gb  cmain.o [5]
ADC_Hardware_Config     0x080007ed  0x34  Code  Lc  pot.o [1]
BG_GPIO_Init_Output     0x08000601  0xba  Code  Lc  bsp.o [1]
BG_GPIO_TogglePin       0x080005cb  0x36  Code  Lc  bsp.o [1]
BG_GPIO_WritePin        0x08000595  0x36  Code  Lc  bsp.o [1]
BSP_AdcPin_init         0x080006bb  0x56  Code  Gb  bsp.o [1]
BSP_Init                0x08000581  0x14  Code  Gb  bsp.o [1]
BSP_LED_Init            0x08000711  0x6a  Code  Lc  bsp.o [1]
BSP_LED_Toggle          0x0800077b  0x24  Code  Gb  bsp.o [1]
BSP_Test_Outputs_Init   0x0800079f  0x3a  Code  Lc  bsp.o [1]
BusFault_Handler        0x08000b43   0x2  Code  Gb  stm32f7xx_it.o [1]
CPU_CACHE_Enable        0x08000215   0xc  Code  Lc  setup.o [1]
CSTACK$$Base            0x20000008         --   Gb  - Linker created -
CSTACK$$Limit           0x20000408         --   Gb  - Linker created -
DebugMon_Handler        0x08000b49   0x2  Code  Gb  stm32f7xx_it.o [1]
HardFault_Handler       0x08000b3f   0x2  Code  Gb  stm32f7xx_it.o [1]
LowLevelInit            0x080001c9  0x14  Code  Gb  setup.o [1]
MPU_Config              0x08000205  0x10  Code  Lc  setup.o [1]
MemManage_Handler       0x08000b41   0x2  Code  Gb  stm32f7xx_it.o [1]
NMI_Handler             0x08000b3d   0x2  Code  Gb  stm32f7xx_it.o [1]
PendSV_Handler          0x08000b4b   0x2  Code  Gb  stm32f7xx_it.o [1]
Platform_Init           0x0800037d  0x16  Code  Lc  setup.o [1]
RCC_clock_config        0x08000439  0xbc  Code  Lc  setup.o [1]
RCC_osc_config          0x08000393  0x56  Code  Lc  setup.o [1]
Region$$Table$$Base     0x08000ae4         --   Gb  - Linker created -
Region$$Table$$Limit    0x08000af8         --   Gb  - Linker created -
SVC_Handler             0x08000b47   0x2  Code  Gb  stm32f7xx_it.o [1]
SysTick_Handler         0x08000b4d   0x8  Code  Gb  stm32f7xx_it.o [1]
SystemClock_Config      0x0800056d  0x10  Code  Lc  setup.o [1]
SystemCoreClock         0x20000000   0x4  Data  Gb  system_stm32f7xx.o [1]
SystemInit              0x080009d9  0x6c  Code  Gb  system_stm32f7xx.o [1]
Systick_GetTick         0x080001e9   0x6  Code  Lc  setup.o [1]
Systick_IncTick         0x080001dd   0xc  Code  Gb  setup.o [1]
UsageFault_Handler      0x08000b45   0x2  Code  Gb  stm32f7xx_it.o [1]
__cmain                 0x08000af9        Code  Gb  cmain.o [5]
__exit                  0x08000b29  0x14  Code  Gb  exit.o [6]
__iar_copy_init3        0x08000a45  0x2c  Code  Gb  copy_init3.o [5]
__iar_data_init3        0x08000a71  0x28  Code  Gb  data_init.o [5]
__iar_init_vfp          0x08000ac1        Code  Gb  fpinit_M.o [4]
__iar_program_start     0x08000b65        Code  Gb  cstartup_M.o [5]
__low_level_init        0x08000b13   0x4  Code  Gb  low_level_init.o [3]
__vector_table          0x08000000        Data  Gb  startup_stm32f746xx.o [1]
_call_main              0x08000b05        Code  Gb  cmain.o [5]
_exit                   0x08000b1d        Code  Gb  cexit.o [5]
_main                   0x08000b0f        Code  Gb  cmain.o [5]
assert_failed           0x0800057d   0x2  Code  Gb  setup.o [1]
busywait_ms             0x080001ef  0x16  Code  Gb  setup.o [1]
enable_data_cache       0x0800028d  0x50  Code  Lc  setup.o [1]
enable_instruction_cache
                        0x08000269  0x24  Code  Lc  setup.o [1]
exit                    0x08000b17   0x4  Code  Gb  exit.o [3]
flash_enable_accel      0x080002dd   0xe  Code  Lc  setup.o [1]
main                    0x08000a99  0x26  Code  Gb  main.o [1]
mpu_config              0x08000255  0x14  Code  Lc  setup.o [1]
mpu_disable             0x08000221  0x18  Code  Lc  setup.o [1]
mpu_enable              0x08000239  0x1c  Code  Lc  setup.o [1]
nvic_set_priority_grouping
                        0x080002eb  0x2c  Code  Lc  setup.o [1]
p_ADC3                  0x08000b78   0x4  Data  Gb  pot.o [1]
p_ADC_COMMON            0x08000b7c   0x4  Data  Gb  pot.o [1]
pot_init                0x08000969  0x10  Code  Gb  pot.o [1]
pot_init_pt1            0x08000821  0xd4  Code  Lc  pot.o [1]
pot_init_pt2            0x080008f5  0x32  Code  Lc  pot.o [1]
pot_init_pt3            0x08000927  0x42  Code  Lc  pot.o [1]
pot_read                0x08000979  0x48  Code  Gb  pot.o [1]
pwrex_enable_overDrive  0x080003e9  0x50  Code  Lc  setup.o [1]
systicker_config        0x08000317  0x26  Code  Lc  setup.o [1]
systicker_set_prio      0x0800033d  0x26  Code  Lc  setup.o [1]
tick_count              0x20000004   0x4  Data  Lc  setup.o [1]
ticker_init             0x08000363  0x1a  Code  Lc  setup.o [1]


[1] = C:\train\unzip\Exercises\Exercise2_sol\EWARM\STM32746G_DISCOVERY\Obj
[2] = command line
[3] = dl7M_tln.a
[4] = m7M_tls.a
[5] = rt7M_tl.a
[6] = shb_l.a

  3 294 bytes of readonly  code memory
     38 bytes of readonly  data memory
  1 032 bytes of readwrite data memory

Errors: none
Warnings: none
